<?xml version="1.0" encoding="UTF-8"?>
<testsuites>
  <testsuite name="C:\code\acamposm\laravel-telegram-bot\tests" tests="1" assertions="1" errors="0" warnings="0" failures="0" skipped="0" time="0.165704">
    <testsuite name="Acamposm\TelegramBot\Tests\Unit\InstallTelegramBotTest" file="C:\code\acamposm\laravel-telegram-bot\tests\Unit\InstallTelegramBotTest.php" tests="1" assertions="1" errors="0" warnings="0" failures="0" skipped="0" time="0.165704">
      <testcase name="test_can_get_a_config_file_path" class="Acamposm\TelegramBot\Tests\Unit\InstallTelegramBotTest" classname="Acamposm.TelegramBot.Tests.Unit.InstallTelegramBotTest" file="C:\code\acamposm\laravel-telegram-bot\tests\Unit\InstallTelegramBotTest.php" line="14" assertions="1" time="0.165704"/>
    </testsuite>
  </testsuite>
</testsuites>
